Color range from dem_layers.js: 8.4-111.0 m
Stage 1: 2 m elevation GeoTIFF (full 84 GB pass — slow)...
  stage1 rows 512/104365  (0.1 min)
  stage1 rows 5632/104365  (0.9 min)
  stage1 rows 10752/104365  (1.7 min)
  stage1 rows 15872/104365  (2.3 min)
  stage1 rows 20992/104365  (3.0 min)
  stage1 rows 26112/104365  (3.7 min)
  stage1 rows 31232/104365  (4.5 min)
  stage1 rows 36352/104365  (5.2 min)
  stage1 rows 41472/104365  (6.0 min)
  stage1 rows 46592/104365  (6.9 min)
  stage1 rows 51712/104365  (7.6 min)
  stage1 rows 56832/104365  (8.3 min)
  stage1 rows 61952/104365  (9.0 min)
  stage1 rows 67072/104365  (9.7 min)
  stage1 rows 72192/104365  (10.3 min)
  stage1 rows 77312/104365  (11.0 min)
  stage1 rows 82432/104365  (11.7 min)
  stage1 rows 87552/104365  (12.3 min)
  stage1 rows 92672/104365  (12.9 min)
  stage1 rows 97792/104365  (13.6 min)
  stage1 rows 102912/104365  (14.2 min)
  building overviews...
  stage1 done in 19.1 min -> rhine_elev_2m.tif (0.22 GB)
Stage 2: cutting color XYZ tiles z8-z15...
  z8: 4 tiles (6 candidates, 0.0 min)
  z9: 8 tiles (14 candidates, 0.0 min)
  z10: 16 tiles (28 candidates, 0.0 min)
  z11: 33 tiles (58 candidates, 0.1 min)
  z12: 77 tiles (130 candidates, 0.2 min)
  z13: 200 tiles (304 candidates, 0.6 min)
  z14: 559 tiles (800 candidates, 1.6 min)
  z15: 1730 tiles (2236 candidates, 5.2 min)
  stage2 done: 130 MB
  merged tiles_color into dem_layers.js
ALL DONE
